2026-09-25 11:16:04,402 开始333 Trial的外层/内层验证：第一问处理保持不变
2026-09-25 11:16:05,370 外层时间块 1/5：波形及分类验证完成
2026-09-25 11:16:06,247 外层时间块 2/5：波形及分类验证完成
2026-09-25 11:16:07,091 外层时间块 3/5：波形及分类验证完成
2026-09-25 11:16:07,947 外层时间块 4/5：波形及分类验证完成
2026-09-25 11:16:08,697 外层时间块 5/5：波形及分类验证完成
2026-09-25 11:16:17,932 完整分类流程置换 1/19
2026-09-25 11:16:20,910 完整分类流程置换 2/19
2026-09-25 11:16:23,932 完整分类流程置换 3/19
2026-09-25 11:16:27,039 完整分类流程置换 4/19
2026-09-25 11:16:30,027 完整分类流程置换 5/19
2026-09-25 11:16:32,955 完整分类流程置换 6/19
2026-09-25 11:16:35,983 完整分类流程置换 7/19
2026-09-25 11:16:38,988 完整分类流程置换 8/19
2026-09-25 11:16:42,024 完整分类流程置换 9/19
2026-09-25 11:16:44,973 完整分类流程置换 10/19
2026-09-25 11:16:48,188 完整分类流程置换 11/19
2026-09-25 11:16:51,476 完整分类流程置换 12/19
2026-09-25 11:16:54,513 完整分类流程置换 13/19
2026-09-25 11:16:57,508 完整分类流程置换 14/19
2026-09-25 11:17:00,520 完整分类流程置换 15/19
2026-09-25 11:17:03,430 完整分类流程置换 16/19
2026-09-25 11:17:06,387 完整分类流程置换 17/19
2026-09-25 11:17:09,349 完整分类流程置换 18/19
2026-09-25 11:17:12,318 完整分类流程置换 19/19
2026-09-25 11:17:12,335 完成：D:\数模真题\中文题目\C题\第二问\final_project\outputs\results\第二问结果报告.md
2026-09-25 11:24:16,577 代码/数据一致，复用留出结果及全数据展示模型
2026-09-25 11:24:21,830 完成：D:\pycharm\Math_Model2\outputs\results\第二问结果报告.md
